Archive member included to satisfy reference by file (symbol)

c:/gnu arm embedded toolchain/10 2020-q4-major/bin/../lib/gcc/arm-none-eabi/10.2.1/../../../../arm-none-eabi/lib/thumb/v7-m/nofp\libc_nano.a(lib_a-exit.o)
                              c:/gnu arm embedded toolchain/10 2020-q4-major/bin/../lib/gcc/arm-none-eabi/10.2.1/../../../../arm-none-eabi/lib/thumb/v7-m/nofp/crt0.o (exit)
c:/gnu arm embedded toolchain/10 2020-q4-major/bin/../lib/gcc/arm-none-eabi/10.2.1/../../../../arm-none-eabi/lib/thumb/v7-m/nofp\libc_nano.a(lib_a-impure.o)
                              c:/gnu arm embedded toolchain/10 2020-q4-major/bin/../lib/gcc/arm-none-eabi/10.2.1/../../../../arm-none-eabi/lib/thumb/v7-m/nofp\libc_nano.a(lib_a-exit.o) (_global_impure_ptr)
c:/gnu arm embedded toolchain/10 2020-q4-major/bin/../lib/gcc/arm-none-eabi/10.2.1/../../../../arm-none-eabi/lib/thumb/v7-m/nofp\libc_nano.a(lib_a-init.o)
                              c:/gnu arm embedded toolchain/10 2020-q4-major/bin/../lib/gcc/arm-none-eabi/10.2.1/../../../../arm-none-eabi/lib/thumb/v7-m/nofp/crt0.o (__libc_init_array)
c:/gnu arm embedded toolchain/10 2020-q4-major/bin/../lib/gcc/arm-none-eabi/10.2.1/../../../../arm-none-eabi/lib/thumb/v7-m/nofp\libc_nano.a(lib_a-memset.o)
                              c:/gnu arm embedded toolchain/10 2020-q4-major/bin/../lib/gcc/arm-none-eabi/10.2.1/../../../../arm-none-eabi/lib/thumb/v7-m/nofp/crt0.o (memset)
c:/gnu arm embedded toolchain/10 2020-q4-major/bin/../lib/gcc/arm-none-eabi/10.2.1/../../../../arm-none-eabi/lib/thumb/v7-m/nofp\libnosys.a(_exit.o)
                              c:/gnu arm embedded toolchain/10 2020-q4-major/bin/../lib/gcc/arm-none-eabi/10.2.1/../../../../arm-none-eabi/lib/thumb/v7-m/nofp\libc_nano.a(lib_a-exit.o) (_exit)

Discarded input sections

 .text          0x00000000        0x0 c:/gnu arm embedded toolchain/10 2020-q4-major/bin/../lib/gcc/arm-none-eabi/10.2.1/thumb/v7-m/nofp/crti.o
 .data          0x00000000        0x0 c:/gnu arm embedded toolchain/10 2020-q4-major/bin/../lib/gcc/arm-none-eabi/10.2.1/thumb/v7-m/nofp/crti.o
 .bss           0x00000000        0x0 c:/gnu arm embedded toolchain/10 2020-q4-major/bin/../lib/gcc/arm-none-eabi/10.2.1/thumb/v7-m/nofp/crti.o
 .data          0x00000000        0x4 c:/gnu arm embedded toolchain/10 2020-q4-major/bin/../lib/gcc/arm-none-eabi/10.2.1/thumb/v7-m/nofp/crtbegin.o
 .rodata        0x00000000       0x24 c:/gnu arm embedded toolchain/10 2020-q4-major/bin/../lib/gcc/arm-none-eabi/10.2.1/thumb/v7-m/nofp/crtbegin.o
 .text          0x00000000       0x7c c:/gnu arm embedded toolchain/10 2020-q4-major/bin/../lib/gcc/arm-none-eabi/10.2.1/../../../../arm-none-eabi/lib/thumb/v7-m/nofp/crt0.o
 .data          0x00000000        0x0 c:/gnu arm embedded toolchain/10 2020-q4-major/bin/../lib/gcc/arm-none-eabi/10.2.1/../../../../arm-none-eabi/lib/thumb/v7-m/nofp/crt0.o
 .bss           0x00000000        0x0 c:/gnu arm embedded toolchain/10 2020-q4-major/bin/../lib/gcc/arm-none-eabi/10.2.1/../../../../arm-none-eabi/lib/thumb/v7-m/nofp/crt0.o
 .ARM.extab     0x00000000        0x0 c:/gnu arm embedded toolchain/10 2020-q4-major/bin/../lib/gcc/arm-none-eabi/10.2.1/../../../../arm-none-eabi/lib/thumb/v7-m/nofp/crt0.o
 .ARM.exidx     0x00000000       0x10 c:/gnu arm embedded toolchain/10 2020-q4-major/bin/../lib/gcc/arm-none-eabi/10.2.1/../../../../arm-none-eabi/lib/thumb/v7-m/nofp/crt0.o
 .ARM.attributes
                0x00000000       0x1b c:/gnu arm embedded toolchain/10 2020-q4-major/bin/../lib/gcc/arm-none-eabi/10.2.1/../../../../arm-none-eabi/lib/thumb/v7-m/nofp/crt0.o
 .text          0x00000000        0x0 build/main.o
 .data          0x00000000        0x0 build/main.o
 .bss           0x00000000        0x0 build/main.o
 .text          0x00000000        0x0 build/led.o
 .data          0x00000000        0x0 build/led.o
 .bss           0x00000000        0x0 build/led.o
 .text          0x00000000        0x0 build/clock_config.o
 .data          0x00000000        0x0 build/clock_config.o
 .bss           0x00000000        0x0 build/clock_config.o
 .text.delay_us
                0x00000000       0x40 build/clock_config.o
 .text.delay_s  0x00000000       0x40 build/clock_config.o
 .text          0x00000000        0x0 build/usart.o
 .data          0x00000000        0x0 build/usart.o
 .bss           0x00000000        0x0 build/usart.o
 .text.Usart_SendByte
                0x00000000       0x28 build/usart.o
 .text.Usart_SendHalfWord
                0x00000000       0x30 build/usart.o
 .text          0x00000000        0x0 build/system_stm32f10x.o
 .data          0x00000000        0x0 build/system_stm32f10x.o
 .bss           0x00000000        0x0 build/system_stm32f10x.o
 .text.SystemCoreClockUpdate
                0x00000000       0x94 build/system_stm32f10x.o
 .data.AHBPrescTable
                0x00000000       0x10 build/system_stm32f10x.o
 .text          0x00000000        0x0 build/misc.o
 .data          0x00000000        0x0 build/misc.o
 .bss           0x00000000        0x0 build/misc.o
 .text.NVIC_SetVectorTable
                0x00000000       0x48 build/misc.o
 .text.NVIC_SystemLPConfig
                0x00000000       0x4c build/misc.o
 .text          0x00000000        0x0 build/stm32f10x_rcc.o
 .data          0x00000000        0x0 build/stm32f10x_rcc.o
 .bss           0x00000000        0x0 build/stm32f10x_rcc.o
 .text.RCC_DeInit
                0x00000000       0x40 build/stm32f10x_rcc.o
 .text.RCC_AdjustHSICalibrationValue
                0x00000000       0x24 build/stm32f10x_rcc.o
 .text.RCC_HSICmd
                0x00000000       0x1c build/stm32f10x_rcc.o
 .text.RCC_PLLConfig
                0x00000000       0xd4 build/stm32f10x_rcc.o
 .text.RCC_PLLCmd
                0x00000000       0x1c build/stm32f10x_rcc.o
 .text.RCC_SYSCLKConfig
                0x00000000       0x24 build/stm32f10x_rcc.o
 .text.RCC_GetSYSCLKSource
                0x00000000       0x10 build/stm32f10x_rcc.o
 .text.RCC_HCLKConfig
                0x00000000       0x64 build/stm32f10x_rcc.o
 .text.RCC_PCLK1Config
                0x00000000       0x4c build/stm32f10x_rcc.o
 .text.RCC_PCLK2Config
                0x00000000       0x4c build/stm32f10x_rcc.o
 .text.RCC_ITConfig
                0x00000000       0x44 build/stm32f10x_rcc.o
 .text.RCC_USBCLKConfig
                0x00000000       0x1c build/stm32f10x_rcc.o
 .text.RCC_ADCCLKConfig
                0x00000000       0x40 build/stm32f10x_rcc.o
 .text.RCC_LSEConfig
                0x00000000       0x48 build/stm32f10x_rcc.o
 .text.RCC_LSICmd
                0x00000000       0x1c build/stm32f10x_rcc.o
 .text.RCC_RTCCLKConfig
                0x00000000       0x38 build/stm32f10x_rcc.o
 .text.RCC_RTCCLKCmd
                0x00000000       0x1c build/stm32f10x_rcc.o
 .text.RCC_GetClocksFreq
                0x00000000       0xbc build/stm32f10x_rcc.o
 .text.RCC_AHBPeriphClockCmd
                0x00000000       0x48 build/stm32f10x_rcc.o
 .text.RCC_APB1PeriphClockCmd
                0x00000000       0x48 build/stm32f10x_rcc.o
 .text.RCC_APB2PeriphResetCmd
                0x00000000       0x48 build/stm32f10x_rcc.o
 .text.RCC_APB1PeriphResetCmd
                0x00000000       0x48 build/stm32f10x_rcc.o
 .text.RCC_BackupResetCmd
                0x00000000       0x1c build/stm32f10x_rcc.o
 .text.RCC_ClockSecuritySystemCmd
                0x00000000       0x1c build/stm32f10x_rcc.o
 .text.RCC_MCOConfig
                0x00000000       0x3c build/stm32f10x_rcc.o
 .text.RCC_GetFlagStatus
                0x00000000       0x98 build/stm32f10x_rcc.o
 .text.RCC_WaitForHSEStartUp
                0x00000000       0x30 build/stm32f10x_rcc.o
 .text.RCC_ClearFlag
                0x00000000       0x10 build/stm32f10x_rcc.o
 .text.RCC_GetITStatus
                0x00000000       0x4c build/stm32f10x_rcc.o
 .text.RCC_ClearITPendingBit
                0x00000000       0x24 build/stm32f10x_rcc.o
 .data.ADCPrescTable
                0x00000000        0x4 build/stm32f10x_rcc.o
 .data.APBAHBPrescTable
                0x00000000       0x10 build/stm32f10x_rcc.o
 .text          0x00000000        0x0 build/stm32f10x_gpio.o
 .data          0x00000000        0x0 build/stm32f10x_gpio.o
 .bss           0x00000000        0x0 build/stm32f10x_gpio.o
 .text.GPIO_DeInit
                0x00000000      0x128 build/stm32f10x_gpio.o
 .text.GPIO_AFIODeInit
                0x00000000       0x14 build/stm32f10x_gpio.o
 .text.GPIO_StructInit
                0x00000000       0x10 build/stm32f10x_gpio.o
 .text.GPIO_ReadInputDataBit
                0x00000000      0x104 build/stm32f10x_gpio.o
 .text.GPIO_ReadInputData
                0x00000000       0x68 build/stm32f10x_gpio.o
 .text.GPIO_ReadOutputDataBit
                0x00000000      0x104 build/stm32f10x_gpio.o
 .text.GPIO_ReadOutputData
                0x00000000       0x68 build/stm32f10x_gpio.o
 .text.GPIO_WriteBit
                0x00000000      0x10c build/stm32f10x_gpio.o
 .text.GPIO_Write
                0x00000000       0x68 build/stm32f10x_gpio.o
 .text.GPIO_PinLockConfig
                0x00000000       0x7c build/stm32f10x_gpio.o
 .text.GPIO_EventOutputConfig
                0x00000000       0x38 build/stm32f10x_gpio.o
 .text.GPIO_EventOutputCmd
                0x00000000       0x1c build/stm32f10x_gpio.o
 .text.GPIO_PinRemapConfig
                0x00000000      0x2b4 build/stm32f10x_gpio.o
 .text.GPIO_EXTILineConfig
                0x00000000       0x50 build/stm32f10x_gpio.o
 .text.GPIO_ETH_MediaInterfaceConfig
                0x00000000       0x1c build/stm32f10x_gpio.o
 .text          0x00000000       0x14 build/startup_stm32f10x_hd.o
 .data          0x00000000        0x0 build/startup_stm32f10x_hd.o
 .bss           0x00000000        0x0 build/startup_stm32f10x_hd.o
 .text          0x00000000        0x0 c:/gnu arm embedded toolchain/10 2020-q4-major/bin/../lib/gcc/arm-none-eabi/10.2.1/../../../../arm-none-eabi/lib/thumb/v7-m/nofp\libc_nano.a(lib_a-exit.o)
 .data          0x00000000        0x0 c:/gnu arm embedded toolchain/10 2020-q4-major/bin/../lib/gcc/arm-none-eabi/10.2.1/../../../../arm-none-eabi/lib/thumb/v7-m/nofp\libc_nano.a(lib_a-exit.o)
 .bss           0x00000000        0x0 c:/gnu arm embedded toolchain/10 2020-q4-major/bin/../lib/gcc/arm-none-eabi/10.2.1/../../../../arm-none-eabi/lib/thumb/v7-m/nofp\libc_nano.a(lib_a-exit.o)
 .text.exit     0x00000000       0x28 c:/gnu arm embedded toolchain/10 2020-q4-major/bin/../lib/gcc/arm-none-eabi/10.2.1/../../../../arm-none-eabi/lib/thumb/v7-m/nofp\libc_nano.a(lib_a-exit.o)
 .debug_frame   0x00000000       0x28 c:/gnu arm embedded toolchain/10 2020-q4-major/bin/../lib/gcc/arm-none-eabi/10.2.1/../../../../arm-none-eabi/lib/thumb/v7-m/nofp\libc_nano.a(lib_a-exit.o)
 .ARM.attributes
                0x00000000       0x2d c:/gnu arm embedded toolchain/10 2020-q4-major/bin/../lib/gcc/arm-none-eabi/10.2.1/../../../../arm-none-eabi/lib/thumb/v7-m/nofp\libc_nano.a(lib_a-exit.o)
 .text          0x00000000        0x0 c:/gnu arm embedded toolchain/10 2020-q4-major/bin/../lib/gcc/arm-none-eabi/10.2.1/../../../../arm-none-eabi/lib/thumb/v7-m/nofp\libc_nano.a(lib_a-impure.o)
 .data          0x00000000        0x0 c:/gnu arm embedded toolchain/10 2020-q4-major/bin/../lib/gcc/arm-none-eabi/10.2.1/../../../../arm-none-eabi/lib/thumb/v7-m/nofp\libc_nano.a(lib_a-impure.o)
 .bss           0x00000000        0x0 c:/gnu arm embedded toolchain/10 2020-q4-major/bin/../lib/gcc/arm-none-eabi/10.2.1/../../../../arm-none-eabi/lib/thumb/v7-m/nofp\libc_nano.a(lib_a-impure.o)
 .data._impure_ptr
                0x00000000        0x4 c:/gnu arm embedded toolchain/10 2020-q4-major/bin/../lib/gcc/arm-none-eabi/10.2.1/../../../../arm-none-eabi/lib/thumb/v7-m/nofp\libc_nano.a(lib_a-impure.o)
 .data.impure_data
                0x00000000       0x60 c:/gnu arm embedded toolchain/10 2020-q4-major/bin/../lib/gcc/arm-none-eabi/10.2.1/../../../../arm-none-eabi/lib/thumb/v7-m/nofp\libc_nano.a(lib_a-impure.o)
 .rodata._global_impure_ptr
                0x00000000        0x4 c:/gnu arm embedded toolchain/10 2020-q4-major/bin/../lib/gcc/arm-none-eabi/10.2.1/../../../../arm-none-eabi/lib/thumb/v7-m/nofp\libc_nano.a(lib_a-impure.o)
 .ARM.attributes
                0x00000000       0x2d c:/gnu arm embedded toolchain/10 2020-q4-major/bin/../lib/gcc/arm-none-eabi/10.2.1/../../../../arm-none-eabi/lib/thumb/v7-m/nofp\libc_nano.a(lib_a-impure.o)
 .text          0x00000000        0x0 c:/gnu arm embedded toolchain/10 2020-q4-major/bin/../lib/gcc/arm-none-eabi/10.2.1/../../../../arm-none-eabi/lib/thumb/v7-m/nofp\libc_nano.a(lib_a-init.o)
 .data          0x00000000        0x0 c:/gnu arm embedded toolchain/10 2020-q4-major/bin/../lib/gcc/arm-none-eabi/10.2.1/../../../../arm-none-eabi/lib/thumb/v7-m/nofp\libc_nano.a(lib_a-init.o)
 .bss           0x00000000        0x0 c:/gnu arm embedded toolchain/10 2020-q4-major/bin/../lib/gcc/arm-none-eabi/10.2.1/../../../../arm-none-eabi/lib/thumb/v7-m/nofp\libc_nano.a(lib_a-init.o)
 .text.__libc_init_array
                0x00000000       0x48 c:/gnu arm embedded toolchain/10 2020-q4-major/bin/../lib/gcc/arm-none-eabi/10.2.1/../../../../arm-none-eabi/lib/thumb/v7-m/nofp\libc_nano.a(lib_a-init.o)
 .debug_frame   0x00000000       0x2c c:/gnu arm embedded toolchain/10 2020-q4-major/bin/../lib/gcc/arm-none-eabi/10.2.1/../../../../arm-none-eabi/lib/thumb/v7-m/nofp\libc_nano.a(lib_a-init.o)
 .ARM.attributes
                0x00000000       0x2d c:/gnu arm embedded toolchain/10 2020-q4-major/bin/../lib/gcc/arm-none-eabi/10.2.1/../../../../arm-none-eabi/lib/thumb/v7-m/nofp\libc_nano.a(lib_a-init.o)
 .text          0x00000000        0x0 c:/gnu arm embedded toolchain/10 2020-q4-major/bin/../lib/gcc/arm-none-eabi/10.2.1/../../../../arm-none-eabi/lib/thumb/v7-m/nofp\libc_nano.a(lib_a-memset.o)
 .data          0x00000000        0x0 c:/gnu arm embedded toolchain/10 2020-q4-major/bin/../lib/gcc/arm-none-eabi/10.2.1/../../../../arm-none-eabi/lib/thumb/v7-m/nofp\libc_nano.a(lib_a-memset.o)
 .bss           0x00000000        0x0 c:/gnu arm embedded toolchain/10 2020-q4-major/bin/../lib/gcc/arm-none-eabi/10.2.1/../../../../arm-none-eabi/lib/thumb/v7-m/nofp\libc_nano.a(lib_a-memset.o)
 .text.memset   0x00000000       0x10 c:/gnu arm embedded toolchain/10 2020-q4-major/bin/../lib/gcc/arm-none-eabi/10.2.1/../../../../arm-none-eabi/lib/thumb/v7-m/nofp\libc_nano.a(lib_a-memset.o)
 .debug_frame   0x00000000       0x20 c:/gnu arm embedded toolchain/10 2020-q4-major/bin/../lib/gcc/arm-none-eabi/10.2.1/../../../../arm-none-eabi/lib/thumb/v7-m/nofp\libc_nano.a(lib_a-memset.o)
 .ARM.attributes
                0x00000000       0x2d c:/gnu arm embedded toolchain/10 2020-q4-major/bin/../lib/gcc/arm-none-eabi/10.2.1/../../../../arm-none-eabi/lib/thumb/v7-m/nofp\libc_nano.a(lib_a-memset.o)
 .text          0x00000000        0x0 c:/gnu arm embedded toolchain/10 2020-q4-major/bin/../lib/gcc/arm-none-eabi/10.2.1/../../../../arm-none-eabi/lib/thumb/v7-m/nofp\libnosys.a(_exit.o)
 .data          0x00000000        0x0 c:/gnu arm embedded toolchain/10 2020-q4-major/bin/../lib/gcc/arm-none-eabi/10.2.1/../../../../arm-none-eabi/lib/thumb/v7-m/nofp\libnosys.a(_exit.o)
 .bss           0x00000000        0x0 c:/gnu arm embedded toolchain/10 2020-q4-major/bin/../lib/gcc/arm-none-eabi/10.2.1/../../../../arm-none-eabi/lib/thumb/v7-m/nofp\libnosys.a(_exit.o)
 .text._exit    0x00000000        0x4 c:/gnu arm embedded toolchain/10 2020-q4-major/bin/../lib/gcc/arm-none-eabi/10.2.1/../../../../arm-none-eabi/lib/thumb/v7-m/nofp\libnosys.a(_exit.o)
 .debug_frame   0x00000000       0x20 c:/gnu arm embedded toolchain/10 2020-q4-major/bin/../lib/gcc/arm-none-eabi/10.2.1/../../../../arm-none-eabi/lib/thumb/v7-m/nofp\libnosys.a(_exit.o)
 .ARM.attributes
                0x00000000       0x2d c:/gnu arm embedded toolchain/10 2020-q4-major/bin/../lib/gcc/arm-none-eabi/10.2.1/../../../../arm-none-eabi/lib/thumb/v7-m/nofp\libnosys.a(_exit.o)
 .text          0x00000000        0x0 c:/gnu arm embedded toolchain/10 2020-q4-major/bin/../lib/gcc/arm-none-eabi/10.2.1/thumb/v7-m/nofp/crtend.o
 .data          0x00000000        0x0 c:/gnu arm embedded toolchain/10 2020-q4-major/bin/../lib/gcc/arm-none-eabi/10.2.1/thumb/v7-m/nofp/crtend.o
 .bss           0x00000000        0x0 c:/gnu arm embedded toolchain/10 2020-q4-major/bin/../lib/gcc/arm-none-eabi/10.2.1/thumb/v7-m/nofp/crtend.o
 .rodata        0x00000000       0x24 c:/gnu arm embedded toolchain/10 2020-q4-major/bin/../lib/gcc/arm-none-eabi/10.2.1/thumb/v7-m/nofp/crtend.o
 .eh_frame      0x00000000        0x4 c:/gnu arm embedded toolchain/10 2020-q4-major/bin/../lib/gcc/arm-none-eabi/10.2.1/thumb/v7-m/nofp/crtend.o
 .ARM.attributes
                0x00000000       0x2d c:/gnu arm embedded toolchain/10 2020-q4-major/bin/../lib/gcc/arm-none-eabi/10.2.1/thumb/v7-m/nofp/crtend.o
 .text          0x00000000        0x0 c:/gnu arm embedded toolchain/10 2020-q4-major/bin/../lib/gcc/arm-none-eabi/10.2.1/thumb/v7-m/nofp/crtn.o
 .data          0x00000000        0x0 c:/gnu arm embedded toolchain/10 2020-q4-major/bin/../lib/gcc/arm-none-eabi/10.2.1/thumb/v7-m/nofp/crtn.o
 .bss           0x00000000        0x0 c:/gnu arm embedded toolchain/10 2020-q4-major/bin/../lib/gcc/arm-none-eabi/10.2.1/thumb/v7-m/nofp/crtn.o

Memory Configuration

Name             Origin             Length             Attributes
RAM              0x20000000         0x00010000         xrw
FLASH            0x08000000         0x00080000         xr
*default*        0x00000000         0xffffffff

Linker script and memory map

LOAD c:/gnu arm embedded toolchain/10 2020-q4-major/bin/../lib/gcc/arm-none-eabi/10.2.1/thumb/v7-m/nofp/crti.o
LOAD c:/gnu arm embedded toolchain/10 2020-q4-major/bin/../lib/gcc/arm-none-eabi/10.2.1/thumb/v7-m/nofp/crtbegin.o
LOAD c:/gnu arm embedded toolchain/10 2020-q4-major/bin/../lib/gcc/arm-none-eabi/10.2.1/../../../../arm-none-eabi/lib/thumb/v7-m/nofp/crt0.o
LOAD build/main.o
LOAD build/led.o
LOAD build/clock_config.o
LOAD build/usart.o
LOAD build/system_stm32f10x.o
LOAD build/misc.o
LOAD build/stm32f10x_rcc.o
LOAD build/stm32f10x_gpio.o
LOAD build/startup_stm32f10x_hd.o
LOAD c:/gnu arm embedded toolchain/10 2020-q4-major/bin/../lib/gcc/arm-none-eabi/10.2.1/../../../../arm-none-eabi/lib/thumb/v7-m/nofp\libc_nano.a
LOAD c:/gnu arm embedded toolchain/10 2020-q4-major/bin/../lib/gcc/arm-none-eabi/10.2.1/../../../../arm-none-eabi/lib/thumb/v7-m/nofp\libm.a
LOAD c:/gnu arm embedded toolchain/10 2020-q4-major/bin/../lib/gcc/arm-none-eabi/10.2.1/../../../../arm-none-eabi/lib/thumb/v7-m/nofp\libnosys.a
START GROUP
LOAD c:/gnu arm embedded toolchain/10 2020-q4-major/bin/../lib/gcc/arm-none-eabi/10.2.1/thumb/v7-m/nofp\libgcc.a
LOAD c:/gnu arm embedded toolchain/10 2020-q4-major/bin/../lib/gcc/arm-none-eabi/10.2.1/../../../../arm-none-eabi/lib/thumb/v7-m/nofp\libc_nano.a
END GROUP
START GROUP
LOAD c:/gnu arm embedded toolchain/10 2020-q4-major/bin/../lib/gcc/arm-none-eabi/10.2.1/thumb/v7-m/nofp\libgcc.a
LOAD c:/gnu arm embedded toolchain/10 2020-q4-major/bin/../lib/gcc/arm-none-eabi/10.2.1/../../../../arm-none-eabi/lib/thumb/v7-m/nofp\libc_nano.a
END GROUP
LOAD c:/gnu arm embedded toolchain/10 2020-q4-major/bin/../lib/gcc/arm-none-eabi/10.2.1/thumb/v7-m/nofp/crtend.o
LOAD c:/gnu arm embedded toolchain/10 2020-q4-major/bin/../lib/gcc/arm-none-eabi/10.2.1/thumb/v7-m/nofp/crtn.o
                0x20010000                _estack = 0x20010000
                0x00000200                _Min_Heap_Size = 0x200
                0x00000400                _Min_Stack_Size = 0x400

.isr_vector     0x08000000      0x1e4
                0x08000000                . = ALIGN (0x4)
 *(.isr_vector)
 .isr_vector    0x08000000      0x1e4 build/startup_stm32f10x_hd.o
                0x08000000                g_pfnVectors
                0x080001e4                . = ALIGN (0x4)

.text           0x080001e4      0x7fc
                0x080001e4                . = ALIGN (0x4)
 *(.text)
 .text          0x080001e4       0x40 c:/gnu arm embedded toolchain/10 2020-q4-major/bin/../lib/gcc/arm-none-eabi/10.2.1/thumb/v7-m/nofp/crtbegin.o
 *(.text*)
 .text.main     0x08000224       0x60 build/main.o
                0x08000224                main
 .text.LED_Init
                0x08000284       0x64 build/led.o
                0x08000284                LED_Init
 .text.Led_Ctl  0x080002e8       0x50 build/led.o
                0x080002e8                Led_Ctl
 .text.delay_ms
                0x08000338       0x40 build/clock_config.o
                0x08000338                delay_ms
 .text.Usart1_InitCfg
                0x08000378       0x80 build/usart.o
                0x08000378                Usart1_InitCfg
 .text.Usart_SendString
                0x080003f8       0x34 build/usart.o
                0x080003f8                Usart_SendString
 .text.USART1_IRQHandler
                0x0800042c       0x28 build/usart.o
                0x0800042c                USART1_IRQHandler
 .text.SetSysClockTo72
                0x08000454       0xc4 build/system_stm32f10x.o
 .text.SetSysClock
                0x08000518        0x8 build/system_stm32f10x.o
 .text.SystemInit
                0x08000520       0x50 build/system_stm32f10x.o
                0x08000520                SystemInit
 .text.NVIC_PriorityGroupConfig
                0x08000570       0x50 build/misc.o
                0x08000570                NVIC_PriorityGroupConfig
 .text.NVIC_Init
                0x080005c0       0x90 build/misc.o
                0x080005c0                NVIC_Init
 .text.SysTick_CLKSourceConfig
                0x08000650       0x3c build/misc.o
                0x08000650                SysTick_CLKSourceConfig
 .text.RCC_HSEConfig
                0x0800068c       0x60 build/stm32f10x_rcc.o
                0x0800068c                RCC_HSEConfig
 .text.RCC_APB2PeriphClockCmd
                0x080006ec       0x48 build/stm32f10x_rcc.o
                0x080006ec                RCC_APB2PeriphClockCmd
 .text.GPIO_Init
                0x08000734      0x16c build/stm32f10x_gpio.o
                0x08000734                GPIO_Init
 .text.GPIO_SetBits
                0x080008a0       0x70 build/stm32f10x_gpio.o
                0x080008a0                GPIO_SetBits
 .text.GPIO_ResetBits
                0x08000910       0x70 build/stm32f10x_gpio.o
                0x08000910                GPIO_ResetBits
 .text.Reset_Handler
                0x08000980       0x44 build/startup_stm32f10x_hd.o
                0x08000980                Reset_Handler
 .text.Default_Handler
                0x080009c4        0x2 build/startup_stm32f10x_hd.o
                0x080009c4                EXTI2_IRQHandler
                0x080009c4                TIM8_TRG_COM_IRQHandler
                0x080009c4                TIM8_CC_IRQHandler
                0x080009c4                DebugMon_Handler
                0x080009c4                TIM1_CC_IRQHandler
                0x080009c4                HardFault_Handler
                0x080009c4                TIM6_IRQHandler
                0x080009c4                SysTick_Handler
                0x080009c4                PVD_IRQHandler
                0x080009c4                SDIO_IRQHandler
                0x080009c4                PendSV_Handler
                0x080009c4                NMI_Handler
                0x080009c4                EXTI3_IRQHandler
                0x080009c4                EXTI0_IRQHandler
                0x080009c4                I2C2_EV_IRQHandler
                0x080009c4                UsageFault_Handler
                0x080009c4                ADC1_2_IRQHandler
                0x080009c4                SPI1_IRQHandler
                0x080009c4                TAMPER_IRQHandler
                0x080009c4                TIM8_UP_IRQHandler
                0x080009c4                DMA2_Channel2_IRQHandler
                0x080009c4                DMA1_Channel4_IRQHandler
                0x080009c4                USART3_IRQHandler
                0x080009c4                RTC_IRQHandler
                0x080009c4                DMA1_Channel7_IRQHandler
                0x080009c4                CAN1_RX1_IRQHandler
                0x080009c4                UART5_IRQHandler
                0x080009c4                ADC3_IRQHandler
                0x080009c4                TIM4_IRQHandler
                0x080009c4                DMA2_Channel1_IRQHandler
                0x080009c4                I2C1_EV_IRQHandler
                0x080009c4                DMA1_Channel6_IRQHandler
                0x080009c4                UART4_IRQHandler
                0x080009c4                TIM3_IRQHandler
                0x080009c4                RCC_IRQHandler
                0x080009c4                TIM1_TRG_COM_IRQHandler
                0x080009c4                DMA1_Channel1_IRQHandler
                0x080009c4                Default_Handler
                0x080009c4                EXTI15_10_IRQHandler
                0x080009c4                TIM7_IRQHandler
                0x080009c4                TIM5_IRQHandler
                0x080009c4                EXTI9_5_IRQHandler
                0x080009c4                SPI2_IRQHandler
                0x080009c4                MemManage_Handler
                0x080009c4                SVC_Handler
                0x080009c4                DMA1_Channel5_IRQHandler
                0x080009c4                EXTI4_IRQHandler
                0x080009c4                USB_LP_CAN1_RX0_IRQHandler
                0x080009c4                USB_HP_CAN1_TX_IRQHandler
                0x080009c4                DMA1_Channel3_IRQHandler
                0x080009c4                FSMC_IRQHandler
                0x080009c4                TIM1_UP_IRQHandler
                0x080009c4                WWDG_IRQHandler
                0x080009c4                TIM2_IRQHandler
                0x080009c4                TIM1_BRK_IRQHandler
                0x080009c4                EXTI1_IRQHandler
                0x080009c4                RTCAlarm_IRQHandler
                0x080009c4                DMA2_Channel4_5_IRQHandler
                0x080009c4                USART2_IRQHandler
                0x080009c4                I2C2_ER_IRQHandler
                0x080009c4                DMA1_Channel2_IRQHandler
                0x080009c4                TIM8_BRK_IRQHandler
                0x080009c4                CAN1_SCE_IRQHandler
                0x080009c4                FLASH_IRQHandler
                0x080009c4                BusFault_Handler
                0x080009c4                SPI3_IRQHandler
                0x080009c4                I2C1_ER_IRQHandler
                0x080009c4                USBWakeUp_IRQHandler
                0x080009c4                DMA2_Channel3_IRQHandler
 *(.glue_7)
 .glue_7        0x080009c6        0x0 linker stubs
 *(.glue_7t)
 .glue_7t       0x080009c6        0x0 linker stubs
 *(.eh_frame)
 *fill*         0x080009c6        0x2 
 .eh_frame      0x080009c8        0x0 c:/gnu arm embedded toolchain/10 2020-q4-major/bin/../lib/gcc/arm-none-eabi/10.2.1/thumb/v7-m/nofp/crtbegin.o
 *(.init)
 .init          0x080009c8        0x4 c:/gnu arm embedded toolchain/10 2020-q4-major/bin/../lib/gcc/arm-none-eabi/10.2.1/thumb/v7-m/nofp/crti.o
                0x080009c8                _init
 .init          0x080009cc        0x8 c:/gnu arm embedded toolchain/10 2020-q4-major/bin/../lib/gcc/arm-none-eabi/10.2.1/thumb/v7-m/nofp/crtn.o
 *(.fini)
 .fini          0x080009d4        0x4 c:/gnu arm embedded toolchain/10 2020-q4-major/bin/../lib/gcc/arm-none-eabi/10.2.1/thumb/v7-m/nofp/crti.o
                0x080009d4                _fini
 .fini          0x080009d8        0x8 c:/gnu arm embedded toolchain/10 2020-q4-major/bin/../lib/gcc/arm-none-eabi/10.2.1/thumb/v7-m/nofp/crtn.o
                0x080009e0                . = ALIGN (0x4)
                0x080009e0                _etext = .

.vfp11_veneer   0x080009e0        0x0
 .vfp11_veneer  0x080009e0        0x0 linker stubs

.v4_bx          0x080009e0        0x0
 .v4_bx         0x080009e0        0x0 linker stubs

.iplt           0x080009e0        0x0
 .iplt          0x080009e0        0x0 c:/gnu arm embedded toolchain/10 2020-q4-major/bin/../lib/gcc/arm-none-eabi/10.2.1/thumb/v7-m/nofp/crtbegin.o

.rodata         0x080009e0       0x18
                0x080009e0                . = ALIGN (0x4)
 *(.rodata)
 *(.rodata*)
 .rodata.main.str1.4
                0x080009e0       0x17 build/main.o
                0x080009f8                . = ALIGN (0x4)
 *fill*         0x080009f7        0x1 

.rel.dyn        0x080009f8        0x0
 .rel.iplt      0x080009f8        0x0 c:/gnu arm embedded toolchain/10 2020-q4-major/bin/../lib/gcc/arm-none-eabi/10.2.1/thumb/v7-m/nofp/crtbegin.o

.ARM.extab
 *(.ARM.extab* .gnu.linkonce.armextab.*)

.ARM            0x080009f8        0x0
                0x080009f8                __exidx_start = .
 *(.ARM.exidx*)
                0x080009f8                __exidx_end = .

.preinit_array  0x080009f8        0x0
                0x080009f8                PROVIDE (__preinit_array_start = .)
 *(.preinit_array*)
                0x080009f8                PROVIDE (__preinit_array_end = .)

.init_array     0x080009f8        0x4
                0x080009f8                PROVIDE (__init_array_start = .)
 *(SORT_BY_NAME(.init_array.*))
 *(.init_array*)
 .init_array    0x080009f8        0x4 c:/gnu arm embedded toolchain/10 2020-q4-major/bin/../lib/gcc/arm-none-eabi/10.2.1/thumb/v7-m/nofp/crtbegin.o
                0x080009fc                PROVIDE (__init_array_end = .)

.fini_array     0x080009fc        0x4
                [!provide]                PROVIDE (__fini_array_start = .)
 *(SORT_BY_NAME(.fini_array.*))
 *(.fini_array*)
 .fini_array    0x080009fc        0x4 c:/gnu arm embedded toolchain/10 2020-q4-major/bin/../lib/gcc/arm-none-eabi/10.2.1/thumb/v7-m/nofp/crtbegin.o
                [!provide]                PROVIDE (__fini_array_end = .)
                0x08000a00                _sidata = LOADADDR (.data)

.data           0x20000000        0x4 load address 0x08000a00
                0x20000000                . = ALIGN (0x4)
                0x20000000                _sdata = .
 *(.data)
 *(.data*)
 .data.SystemCoreClock
                0x20000000        0x4 build/system_stm32f10x.o
                0x20000000                SystemCoreClock
                0x20000004                . = ALIGN (0x4)
                0x20000004                _edata = .

.igot.plt       0x20000004        0x0 load address 0x08000a04
 .igot.plt      0x20000004        0x0 c:/gnu arm embedded toolchain/10 2020-q4-major/bin/../lib/gcc/arm-none-eabi/10.2.1/thumb/v7-m/nofp/crtbegin.o
                0x20000004                . = ALIGN (0x4)

.bss            0x20000004       0x1c load address 0x08000a04
                0x20000004                _sbss = .
                0x20000004                __bss_start__ = _sbss
 *(.bss)
 .bss           0x20000004       0x1c c:/gnu arm embedded toolchain/10 2020-q4-major/bin/../lib/gcc/arm-none-eabi/10.2.1/thumb/v7-m/nofp/crtbegin.o
 *(.bss*)
 *(COMMON)
                0x20000020                . = ALIGN (0x4)
                0x20000020                _ebss = .
                0x20000020                __bss_end__ = _ebss

._user_heap_stack
                0x20000020      0x600 load address 0x08000a04
                0x20000020                . = ALIGN (0x8)
                [!provide]                PROVIDE (end = .)
                [!provide]                PROVIDE (_end = .)
                0x20000220                . = (. + _Min_Heap_Size)
 *fill*         0x20000020      0x200 
                0x20000620                . = (. + _Min_Stack_Size)
 *fill*         0x20000220      0x400 
                0x20000620                . = ALIGN (0x8)

/DISCARD/
 libc.a(*)
 libm.a(*)
 libgcc.a(*)

.ARM.attributes
                0x00000000       0x29
 *(.ARM.attributes)
 .ARM.attributes
                0x00000000       0x1d c:/gnu arm embedded toolchain/10 2020-q4-major/bin/../lib/gcc/arm-none-eabi/10.2.1/thumb/v7-m/nofp/crti.o
 .ARM.attributes
                0x0000001d       0x2d c:/gnu arm embedded toolchain/10 2020-q4-major/bin/../lib/gcc/arm-none-eabi/10.2.1/thumb/v7-m/nofp/crtbegin.o
 .ARM.attributes
                0x0000004a       0x2d build/main.o
 .ARM.attributes
                0x00000077       0x2d build/led.o
 .ARM.attributes
                0x000000a4       0x2d build/clock_config.o
 .ARM.attributes
                0x000000d1       0x2d build/usart.o
 .ARM.attributes
                0x000000fe       0x2d build/system_stm32f10x.o
 .ARM.attributes
                0x0000012b       0x2d build/misc.o
 .ARM.attributes
                0x00000158       0x2d build/stm32f10x_rcc.o
 .ARM.attributes
                0x00000185       0x2d build/stm32f10x_gpio.o
 .ARM.attributes
                0x000001b2       0x21 build/startup_stm32f10x_hd.o
 .ARM.attributes
                0x000001d3       0x1d c:/gnu arm embedded toolchain/10 2020-q4-major/bin/../lib/gcc/arm-none-eabi/10.2.1/thumb/v7-m/nofp/crtn.o
OUTPUT(build/Template.elf elf32-littlearm)
LOAD linker stubs
LOAD c:/gnu arm embedded toolchain/10 2020-q4-major/bin/../lib/gcc/arm-none-eabi/10.2.1/../../../../arm-none-eabi/lib/thumb/v7-m/nofp\libc.a
LOAD c:/gnu arm embedded toolchain/10 2020-q4-major/bin/../lib/gcc/arm-none-eabi/10.2.1/../../../../arm-none-eabi/lib/thumb/v7-m/nofp\libm.a
LOAD c:/gnu arm embedded toolchain/10 2020-q4-major/bin/../lib/gcc/arm-none-eabi/10.2.1/thumb/v7-m/nofp\libgcc.a

.debug_info     0x00000000     0x3b2c
 .debug_info    0x00000000      0x369 build/main.o
 .debug_info    0x00000369      0x43b build/led.o
 .debug_info    0x000007a4      0x1ea build/clock_config.o
 .debug_info    0x0000098e      0x8ab build/usart.o
 .debug_info    0x00001239      0x500 build/system_stm32f10x.o
 .debug_info    0x00001739      0x6a2 build/misc.o
 .debug_info    0x00001ddb      0xfcf build/stm32f10x_rcc.o
 .debug_info    0x00002daa      0xd60 build/stm32f10x_gpio.o
 .debug_info    0x00003b0a       0x22 build/startup_stm32f10x_hd.o

.debug_abbrev   0x00000000      0xd54
 .debug_abbrev  0x00000000      0x12d build/main.o
 .debug_abbrev  0x0000012d      0x15e build/led.o
 .debug_abbrev  0x0000028b      0x11a build/clock_config.o
 .debug_abbrev  0x000003a5      0x1a0 build/usart.o
 .debug_abbrev  0x00000545      0x1ba build/system_stm32f10x.o
 .debug_abbrev  0x000006ff      0x19d build/misc.o
 .debug_abbrev  0x0000089c      0x23f build/stm32f10x_rcc.o
 .debug_abbrev  0x00000adb      0x267 build/stm32f10x_gpio.o
 .debug_abbrev  0x00000d42       0x12 build/startup_stm32f10x_hd.o

.debug_loc      0x00000000     0x3845
 .debug_loc     0x00000000       0x20 build/main.o
 .debug_loc     0x00000020      0x18a build/led.o
 .debug_loc     0x000001aa       0x64 build/clock_config.o
 .debug_loc     0x0000020e      0x27d build/usart.o
 .debug_loc     0x0000048b      0x177 build/system_stm32f10x.o
 .debug_loc     0x00000602      0x3bc build/misc.o
 .debug_loc     0x000009be     0x1695 build/stm32f10x_rcc.o
 .debug_loc     0x00002053     0x17f2 build/stm32f10x_gpio.o

.debug_aranges  0x00000000      0x318
 .debug_aranges
                0x00000000       0x20 build/main.o
 .debug_aranges
                0x00000020       0x28 build/led.o
 .debug_aranges
                0x00000048       0x30 build/clock_config.o
 .debug_aranges
                0x00000078       0x40 build/usart.o
 .debug_aranges
                0x000000b8       0x38 build/system_stm32f10x.o
 .debug_aranges
                0x000000f0       0x40 build/misc.o
 .debug_aranges
                0x00000130      0x118 build/stm32f10x_rcc.o
 .debug_aranges
                0x00000248       0xa8 build/stm32f10x_gpio.o
 .debug_aranges
                0x000002f0       0x28 build/startup_stm32f10x_hd.o

.debug_ranges   0x00000000      0x290
 .debug_ranges  0x00000000       0x10 build/main.o
 .debug_ranges  0x00000010       0x18 build/led.o
 .debug_ranges  0x00000028       0x20 build/clock_config.o
 .debug_ranges  0x00000048       0x30 build/usart.o
 .debug_ranges  0x00000078       0x28 build/system_stm32f10x.o
 .debug_ranges  0x000000a0       0x30 build/misc.o
 .debug_ranges  0x000000d0      0x108 build/stm32f10x_rcc.o
 .debug_ranges  0x000001d8       0x98 build/stm32f10x_gpio.o
 .debug_ranges  0x00000270       0x20 build/startup_stm32f10x_hd.o

.debug_line     0x00000000     0x2bd1
 .debug_line    0x00000000      0x1ce build/main.o
 .debug_line    0x000001ce      0x206 build/led.o
 .debug_line    0x000003d4      0x2a0 build/clock_config.o
 .debug_line    0x00000674      0x340 build/usart.o
 .debug_line    0x000009b4      0x3b5 build/system_stm32f10x.o
 .debug_line    0x00000d69      0x384 build/misc.o
 .debug_line    0x000010ed      0xd53 build/stm32f10x_rcc.o
 .debug_line    0x00001e40      0xcf9 build/stm32f10x_gpio.o
 .debug_line    0x00002b39       0x98 build/startup_stm32f10x_hd.o

.debug_str      0x00000000     0x121f
 .debug_str     0x00000000      0x209 build/main.o
                                0x254 (size before relaxing)
 .debug_str     0x00000209      0x198 build/led.o
                                0x31e (size before relaxing)
 .debug_str     0x000003a1       0x65 build/clock_config.o
                                0x1c6 (size before relaxing)
 .debug_str     0x00000406      0x5fb build/usart.o
                                0x81d (size before relaxing)
 .debug_str     0x00000a01      0x101 build/system_stm32f10x.o
                                0x2cb (size before relaxing)
 .debug_str     0x00000b02      0x105 build/misc.o
                                0x3bb (size before relaxing)
 .debug_str     0x00000c07      0x3c2 build/stm32f10x_rcc.o
                                0x61d (size before relaxing)
 .debug_str     0x00000fc9      0x20b build/stm32f10x_gpio.o
                                0x533 (size before relaxing)
 .debug_str     0x000011d4       0x4b build/startup_stm32f10x_hd.o
                                 0x60 (size before relaxing)

.comment        0x00000000       0x4d
 .comment       0x00000000       0x4d build/main.o
                                 0x4e (size before relaxing)
 .comment       0x0000004d       0x4e build/led.o
 .comment       0x0000004d       0x4e build/clock_config.o
 .comment       0x0000004d       0x4e build/usart.o
 .comment       0x0000004d       0x4e build/system_stm32f10x.o
 .comment       0x0000004d       0x4e build/misc.o
 .comment       0x0000004d       0x4e build/stm32f10x_rcc.o
 .comment       0x0000004d       0x4e build/stm32f10x_gpio.o

.debug_frame    0x00000000      0x748
 .debug_frame   0x00000000       0x28 build/main.o
 .debug_frame   0x00000028       0x4c build/led.o
 .debug_frame   0x00000074       0x40 build/clock_config.o
 .debug_frame   0x000000b4       0x98 build/usart.o
 .debug_frame   0x0000014c       0x6c build/system_stm32f10x.o
 .debug_frame   0x000001b8       0x90 build/misc.o
 .debug_frame   0x00000248      0x31c build/stm32f10x_rcc.o
 .debug_frame   0x00000564      0x1e4 build/stm32f10x_gpio.o

Cross Reference Table

Symbol                                            File
ADC1_2_IRQHandler                                 build/startup_stm32f10x_hd.o
ADC3_IRQHandler                                   build/startup_stm32f10x_hd.o
AHBPrescTable                                     build/system_stm32f10x.o
BusFault_Handler                                  build/startup_stm32f10x_hd.o
CAN1_RX1_IRQHandler                               build/startup_stm32f10x_hd.o
CAN1_SCE_IRQHandler                               build/startup_stm32f10x_hd.o
DMA1_Channel1_IRQHandler                          build/startup_stm32f10x_hd.o
DMA1_Channel2_IRQHandler                          build/startup_stm32f10x_hd.o
DMA1_Channel3_IRQHandler                          build/startup_stm32f10x_hd.o
DMA1_Channel4_IRQHandler                          build/startup_stm32f10x_hd.o
DMA1_Channel5_IRQHandler                          build/startup_stm32f10x_hd.o
DMA1_Channel6_IRQHandler                          build/startup_stm32f10x_hd.o
DMA1_Channel7_IRQHandler                          build/startup_stm32f10x_hd.o
DMA2_Channel1_IRQHandler                          build/startup_stm32f10x_hd.o
DMA2_Channel2_IRQHandler                          build/startup_stm32f10x_hd.o
DMA2_Channel3_IRQHandler                          build/startup_stm32f10x_hd.o
DMA2_Channel4_5_IRQHandler                        build/startup_stm32f10x_hd.o
DebugMon_Handler                                  build/startup_stm32f10x_hd.o
Default_Handler                                   build/startup_stm32f10x_hd.o
EXTI0_IRQHandler                                  build/startup_stm32f10x_hd.o
EXTI15_10_IRQHandler                              build/startup_stm32f10x_hd.o
EXTI1_IRQHandler                                  build/startup_stm32f10x_hd.o
EXTI2_IRQHandler                                  build/startup_stm32f10x_hd.o
EXTI3_IRQHandler                                  build/startup_stm32f10x_hd.o
EXTI4_IRQHandler                                  build/startup_stm32f10x_hd.o
EXTI9_5_IRQHandler                                build/startup_stm32f10x_hd.o
FLASH_IRQHandler                                  build/startup_stm32f10x_hd.o
FSMC_IRQHandler                                   build/startup_stm32f10x_hd.o
GPIO_AFIODeInit                                   build/stm32f10x_gpio.o
GPIO_DeInit                                       build/stm32f10x_gpio.o
GPIO_ETH_MediaInterfaceConfig                     build/stm32f10x_gpio.o
GPIO_EXTILineConfig                               build/stm32f10x_gpio.o
GPIO_EventOutputCmd                               build/stm32f10x_gpio.o
GPIO_EventOutputConfig                            build/stm32f10x_gpio.o
GPIO_Init                                         build/stm32f10x_gpio.o
                                                  build/led.o
GPIO_PinLockConfig                                build/stm32f10x_gpio.o
GPIO_PinRemapConfig                               build/stm32f10x_gpio.o
GPIO_ReadInputData                                build/stm32f10x_gpio.o
GPIO_ReadInputDataBit                             build/stm32f10x_gpio.o
GPIO_ReadOutputData                               build/stm32f10x_gpio.o
GPIO_ReadOutputDataBit                            build/stm32f10x_gpio.o
GPIO_ResetBits                                    build/stm32f10x_gpio.o
                                                  build/led.o
GPIO_SetBits                                      build/stm32f10x_gpio.o
                                                  build/led.o
GPIO_StructInit                                   build/stm32f10x_gpio.o
GPIO_Write                                        build/stm32f10x_gpio.o
GPIO_WriteBit                                     build/stm32f10x_gpio.o
HardFault_Handler                                 build/startup_stm32f10x_hd.o
I2C1_ER_IRQHandler                                build/startup_stm32f10x_hd.o
I2C1_EV_IRQHandler                                build/startup_stm32f10x_hd.o
I2C2_ER_IRQHandler                                build/startup_stm32f10x_hd.o
I2C2_EV_IRQHandler                                build/startup_stm32f10x_hd.o
LED_Init                                          build/led.o
                                                  build/main.o
Led_Ctl                                           build/led.o
                                                  build/main.o
MemManage_Handler                                 build/startup_stm32f10x_hd.o
NMI_Handler                                       build/startup_stm32f10x_hd.o
NVIC_Init                                         build/misc.o
                                                  build/usart.o
NVIC_PriorityGroupConfig                          build/misc.o
                                                  build/usart.o
NVIC_SetVectorTable                               build/misc.o
NVIC_SystemLPConfig                               build/misc.o
PVD_IRQHandler                                    build/startup_stm32f10x_hd.o
PendSV_Handler                                    build/startup_stm32f10x_hd.o
RCC_ADCCLKConfig                                  build/stm32f10x_rcc.o
RCC_AHBPeriphClockCmd                             build/stm32f10x_rcc.o
RCC_APB1PeriphClockCmd                            build/stm32f10x_rcc.o
RCC_APB1PeriphResetCmd                            build/stm32f10x_rcc.o
RCC_APB2PeriphClockCmd                            build/stm32f10x_rcc.o
                                                  build/led.o
RCC_APB2PeriphResetCmd                            build/stm32f10x_rcc.o
                                                  build/stm32f10x_gpio.o
RCC_AdjustHSICalibrationValue                     build/stm32f10x_rcc.o
RCC_BackupResetCmd                                build/stm32f10x_rcc.o
RCC_ClearFlag                                     build/stm32f10x_rcc.o
RCC_ClearITPendingBit                             build/stm32f10x_rcc.o
RCC_ClockSecuritySystemCmd                        build/stm32f10x_rcc.o
RCC_DeInit                                        build/stm32f10x_rcc.o
RCC_GetClocksFreq                                 build/stm32f10x_rcc.o
RCC_GetFlagStatus                                 build/stm32f10x_rcc.o
RCC_GetITStatus                                   build/stm32f10x_rcc.o
RCC_GetSYSCLKSource                               build/stm32f10x_rcc.o
RCC_HCLKConfig                                    build/stm32f10x_rcc.o
RCC_HSEConfig                                     build/stm32f10x_rcc.o
                                                  build/main.o
RCC_HSICmd                                        build/stm32f10x_rcc.o
RCC_IRQHandler                                    build/startup_stm32f10x_hd.o
RCC_ITConfig                                      build/stm32f10x_rcc.o
RCC_LSEConfig                                     build/stm32f10x_rcc.o
RCC_LSICmd                                        build/stm32f10x_rcc.o
RCC_MCOConfig                                     build/stm32f10x_rcc.o
RCC_PCLK1Config                                   build/stm32f10x_rcc.o
RCC_PCLK2Config                                   build/stm32f10x_rcc.o
RCC_PLLCmd                                        build/stm32f10x_rcc.o
RCC_PLLConfig                                     build/stm32f10x_rcc.o
RCC_RTCCLKCmd                                     build/stm32f10x_rcc.o
RCC_RTCCLKConfig                                  build/stm32f10x_rcc.o
RCC_SYSCLKConfig                                  build/stm32f10x_rcc.o
RCC_USBCLKConfig                                  build/stm32f10x_rcc.o
RCC_WaitForHSEStartUp                             build/stm32f10x_rcc.o
RTCAlarm_IRQHandler                               build/startup_stm32f10x_hd.o
RTC_IRQHandler                                    build/startup_stm32f10x_hd.o
Reset_Handler                                     build/startup_stm32f10x_hd.o
SDIO_IRQHandler                                   build/startup_stm32f10x_hd.o
SPI1_IRQHandler                                   build/startup_stm32f10x_hd.o
SPI2_IRQHandler                                   build/startup_stm32f10x_hd.o
SPI3_IRQHandler                                   build/startup_stm32f10x_hd.o
SVC_Handler                                       build/startup_stm32f10x_hd.o
SysTick_CLKSourceConfig                           build/misc.o
                                                  build/main.o
SysTick_Handler                                   build/startup_stm32f10x_hd.o
SystemCoreClock                                   build/system_stm32f10x.o
                                                  build/clock_config.o
SystemCoreClockUpdate                             build/system_stm32f10x.o
SystemInit                                        build/system_stm32f10x.o
                                                  build/startup_stm32f10x_hd.o
TAMPER_IRQHandler                                 build/startup_stm32f10x_hd.o
TIM1_BRK_IRQHandler                               build/startup_stm32f10x_hd.o
TIM1_CC_IRQHandler                                build/startup_stm32f10x_hd.o
TIM1_TRG_COM_IRQHandler                           build/startup_stm32f10x_hd.o
TIM1_UP_IRQHandler                                build/startup_stm32f10x_hd.o
TIM2_IRQHandler                                   build/startup_stm32f10x_hd.o
TIM3_IRQHandler                                   build/startup_stm32f10x_hd.o
TIM4_IRQHandler                                   build/startup_stm32f10x_hd.o
TIM5_IRQHandler                                   build/startup_stm32f10x_hd.o
TIM6_IRQHandler                                   build/startup_stm32f10x_hd.o
TIM7_IRQHandler                                   build/startup_stm32f10x_hd.o
TIM8_BRK_IRQHandler                               build/startup_stm32f10x_hd.o
TIM8_CC_IRQHandler                                build/startup_stm32f10x_hd.o
TIM8_TRG_COM_IRQHandler                           build/startup_stm32f10x_hd.o
TIM8_UP_IRQHandler                                build/startup_stm32f10x_hd.o
UART4_IRQHandler                                  build/startup_stm32f10x_hd.o
UART5_IRQHandler                                  build/startup_stm32f10x_hd.o
USART1_IRQHandler                                 build/usart.o
USART2_IRQHandler                                 build/startup_stm32f10x_hd.o
USART3_IRQHandler                                 build/startup_stm32f10x_hd.o
USART_GetFlagStatus                               build/usart.o
USART_GetITStatus                                 build/usart.o
USART_Init                                        build/usart.o
USART_ReceiveData                                 build/usart.o
USART_SendData                                    build/usart.o
USBWakeUp_IRQHandler                              build/startup_stm32f10x_hd.o
USB_HP_CAN1_TX_IRQHandler                         build/startup_stm32f10x_hd.o
USB_LP_CAN1_RX0_IRQHandler                        build/startup_stm32f10x_hd.o
UsageFault_Handler                                build/startup_stm32f10x_hd.o
Usart1_InitCfg                                    build/usart.o
                                                  build/main.o
Usart_SendByte                                    build/usart.o
Usart_SendHalfWord                                build/usart.o
Usart_SendString                                  build/usart.o
                                                  build/main.o
WWDG_IRQHandler                                   build/startup_stm32f10x_hd.o
__bss_end__                                       c:/gnu arm embedded toolchain/10 2020-q4-major/bin/../lib/gcc/arm-none-eabi/10.2.1/../../../../arm-none-eabi/lib/thumb/v7-m/nofp/crt0.o
__bss_start__                                     c:/gnu arm embedded toolchain/10 2020-q4-major/bin/../lib/gcc/arm-none-eabi/10.2.1/../../../../arm-none-eabi/lib/thumb/v7-m/nofp/crt0.o
__call_exitprocs                                  c:/gnu arm embedded toolchain/10 2020-q4-major/bin/../lib/gcc/arm-none-eabi/10.2.1/../../../../arm-none-eabi/lib/thumb/v7-m/nofp\libc_nano.a(lib_a-exit.o)
__deregister_frame_info                           c:/gnu arm embedded toolchain/10 2020-q4-major/bin/../lib/gcc/arm-none-eabi/10.2.1/thumb/v7-m/nofp/crtbegin.o
__dso_handle                                      c:/gnu arm embedded toolchain/10 2020-q4-major/bin/../lib/gcc/arm-none-eabi/10.2.1/thumb/v7-m/nofp/crtbegin.o
__init_array_end                                  c:/gnu arm embedded toolchain/10 2020-q4-major/bin/../lib/gcc/arm-none-eabi/10.2.1/../../../../arm-none-eabi/lib/thumb/v7-m/nofp\libc_nano.a(lib_a-init.o)
__init_array_start                                c:/gnu arm embedded toolchain/10 2020-q4-major/bin/../lib/gcc/arm-none-eabi/10.2.1/../../../../arm-none-eabi/lib/thumb/v7-m/nofp\libc_nano.a(lib_a-init.o)
__libc_fini_array                                 c:/gnu arm embedded toolchain/10 2020-q4-major/bin/../lib/gcc/arm-none-eabi/10.2.1/../../../../arm-none-eabi/lib/thumb/v7-m/nofp/crt0.o
__libc_init_array                                 c:/gnu arm embedded toolchain/10 2020-q4-major/bin/../lib/gcc/arm-none-eabi/10.2.1/../../../../arm-none-eabi/lib/thumb/v7-m/nofp\libc_nano.a(lib_a-init.o)
                                                  c:/gnu arm embedded toolchain/10 2020-q4-major/bin/../lib/gcc/arm-none-eabi/10.2.1/../../../../arm-none-eabi/lib/thumb/v7-m/nofp/crt0.o
__preinit_array_end                               c:/gnu arm embedded toolchain/10 2020-q4-major/bin/../lib/gcc/arm-none-eabi/10.2.1/../../../../arm-none-eabi/lib/thumb/v7-m/nofp\libc_nano.a(lib_a-init.o)
__preinit_array_start                             c:/gnu arm embedded toolchain/10 2020-q4-major/bin/../lib/gcc/arm-none-eabi/10.2.1/../../../../arm-none-eabi/lib/thumb/v7-m/nofp\libc_nano.a(lib_a-init.o)
__register_frame_info                             c:/gnu arm embedded toolchain/10 2020-q4-major/bin/../lib/gcc/arm-none-eabi/10.2.1/thumb/v7-m/nofp/crtbegin.o
__sf_fake_stderr                                  c:/gnu arm embedded toolchain/10 2020-q4-major/bin/../lib/gcc/arm-none-eabi/10.2.1/../../../../arm-none-eabi/lib/thumb/v7-m/nofp\libc_nano.a(lib_a-impure.o)
__sf_fake_stdin                                   c:/gnu arm embedded toolchain/10 2020-q4-major/bin/../lib/gcc/arm-none-eabi/10.2.1/../../../../arm-none-eabi/lib/thumb/v7-m/nofp\libc_nano.a(lib_a-impure.o)
__sf_fake_stdout                                  c:/gnu arm embedded toolchain/10 2020-q4-major/bin/../lib/gcc/arm-none-eabi/10.2.1/../../../../arm-none-eabi/lib/thumb/v7-m/nofp\libc_nano.a(lib_a-impure.o)
__stack                                           c:/gnu arm embedded toolchain/10 2020-q4-major/bin/../lib/gcc/arm-none-eabi/10.2.1/../../../../arm-none-eabi/lib/thumb/v7-m/nofp/crt0.o
_ebss                                             build/startup_stm32f10x_hd.o
_edata                                            build/startup_stm32f10x_hd.o
_estack                                           build/startup_stm32f10x_hd.o
_exit                                             c:/gnu arm embedded toolchain/10 2020-q4-major/bin/../lib/gcc/arm-none-eabi/10.2.1/../../../../arm-none-eabi/lib/thumb/v7-m/nofp\libnosys.a(_exit.o)
                                                  c:/gnu arm embedded toolchain/10 2020-q4-major/bin/../lib/gcc/arm-none-eabi/10.2.1/../../../../arm-none-eabi/lib/thumb/v7-m/nofp\libc_nano.a(lib_a-exit.o)
_fini                                             c:/gnu arm embedded toolchain/10 2020-q4-major/bin/../lib/gcc/arm-none-eabi/10.2.1/thumb/v7-m/nofp/crti.o
_global_impure_ptr                                c:/gnu arm embedded toolchain/10 2020-q4-major/bin/../lib/gcc/arm-none-eabi/10.2.1/../../../../arm-none-eabi/lib/thumb/v7-m/nofp\libc_nano.a(lib_a-impure.o)
                                                  c:/gnu arm embedded toolchain/10 2020-q4-major/bin/../lib/gcc/arm-none-eabi/10.2.1/../../../../arm-none-eabi/lib/thumb/v7-m/nofp\libc_nano.a(lib_a-exit.o)
_impure_ptr                                       c:/gnu arm embedded toolchain/10 2020-q4-major/bin/../lib/gcc/arm-none-eabi/10.2.1/../../../../arm-none-eabi/lib/thumb/v7-m/nofp\libc_nano.a(lib_a-impure.o)
_init                                             c:/gnu arm embedded toolchain/10 2020-q4-major/bin/../lib/gcc/arm-none-eabi/10.2.1/thumb/v7-m/nofp/crti.o
                                                  c:/gnu arm embedded toolchain/10 2020-q4-major/bin/../lib/gcc/arm-none-eabi/10.2.1/../../../../arm-none-eabi/lib/thumb/v7-m/nofp\libc_nano.a(lib_a-init.o)
_mainCRTStartup                                   c:/gnu arm embedded toolchain/10 2020-q4-major/bin/../lib/gcc/arm-none-eabi/10.2.1/../../../../arm-none-eabi/lib/thumb/v7-m/nofp/crt0.o
_sbss                                             build/startup_stm32f10x_hd.o
_sdata                                            build/startup_stm32f10x_hd.o
_sidata                                           build/startup_stm32f10x_hd.o
_stack_init                                       c:/gnu arm embedded toolchain/10 2020-q4-major/bin/../lib/gcc/arm-none-eabi/10.2.1/../../../../arm-none-eabi/lib/thumb/v7-m/nofp/crt0.o
_start                                            c:/gnu arm embedded toolchain/10 2020-q4-major/bin/../lib/gcc/arm-none-eabi/10.2.1/../../../../arm-none-eabi/lib/thumb/v7-m/nofp/crt0.o
assert_param                                      build/stm32f10x_gpio.o
                                                  build/stm32f10x_rcc.o
                                                  build/misc.o
atexit                                            c:/gnu arm embedded toolchain/10 2020-q4-major/bin/../lib/gcc/arm-none-eabi/10.2.1/../../../../arm-none-eabi/lib/thumb/v7-m/nofp/crt0.o
delay_ms                                          build/clock_config.o
                                                  build/main.o
delay_s                                           build/clock_config.o
delay_us                                          build/clock_config.o
exit                                              c:/gnu arm embedded toolchain/10 2020-q4-major/bin/../lib/gcc/arm-none-eabi/10.2.1/../../../../arm-none-eabi/lib/thumb/v7-m/nofp\libc_nano.a(lib_a-exit.o)
                                                  c:/gnu arm embedded toolchain/10 2020-q4-major/bin/../lib/gcc/arm-none-eabi/10.2.1/../../../../arm-none-eabi/lib/thumb/v7-m/nofp/crt0.o
g_pfnVectors                                      build/startup_stm32f10x_hd.o
hardware_init_hook                                c:/gnu arm embedded toolchain/10 2020-q4-major/bin/../lib/gcc/arm-none-eabi/10.2.1/../../../../arm-none-eabi/lib/thumb/v7-m/nofp/crt0.o
main                                              build/main.o
                                                  build/startup_stm32f10x_hd.o
                                                  c:/gnu arm embedded toolchain/10 2020-q4-major/bin/../lib/gcc/arm-none-eabi/10.2.1/../../../../arm-none-eabi/lib/thumb/v7-m/nofp/crt0.o
memset                                            c:/gnu arm embedded toolchain/10 2020-q4-major/bin/../lib/gcc/arm-none-eabi/10.2.1/../../../../arm-none-eabi/lib/thumb/v7-m/nofp\libc_nano.a(lib_a-memset.o)
                                                  c:/gnu arm embedded toolchain/10 2020-q4-major/bin/../lib/gcc/arm-none-eabi/10.2.1/../../../../arm-none-eabi/lib/thumb/v7-m/nofp/crt0.o
software_init_hook                                c:/gnu arm embedded toolchain/10 2020-q4-major/bin/../lib/gcc/arm-none-eabi/10.2.1/../../../../arm-none-eabi/lib/thumb/v7-m/nofp/crt0.o
